testestest
line2
line4
